<?xml version="1.0" encoding="utf-8"?><testsuites name="pytest tests"><testsuite name="pytest" errors="0" failures="0" skipped="0" tests="81" time="1.513" timestamp="2025-08-31T23:46:54.682256+09:00" hostname="DESKTOP-O88RBUG"><testcase classname="tests.test_todo_api.TestRootEndpoint" name="test_root_endpoint" time="0.057" /><testcase classname="tests.test_todo_api.TestHealthEndpoint" name="test_health_check_success" time="0.012" /><testcase classname="tests.test_todo_api.TestTodoEndpoints" name="test_create_todo_success" time="0.022" /><testcase classname="tests.test_todo_api.TestTodoEndpoints" name="test_create_todo_minimal_data" time="0.013" /><testcase classname="tests.test_todo_api.TestTodoEndpoints" name="test_create_todo_validation_error_empty_title" time="0.009" /><testcase classname="tests.test_todo_api.TestTodoEndpoints" name="test_create_todo_validation_error_title_too_long" time="0.010" /><testcase classname="tests.test_todo_api.TestTodoEndpoints" name="test_create_todo_validation_error_description_too_long" time="0.011" /><testcase classname="tests.test_todo_api.TestTodoEndpoints" name="test_get_todos_empty" time="0.012" /><testcase classname="tests.test_todo_api.TestTodoEndpoints" name="test_get_todos_with_data" time="0.028" /><testcase classname="tests.test_todo_api.TestTodoEndpoints" name="test_get_todos_with_pagination" time="0.049" /><testcase classname="tests.test_todo_api.TestTodoEndpoints" name="test_get_todos_invalid_pagination_params" time="0.018" /><testcase classname="tests.test_todo_api.TestTodoEndpoints" name="test_get_todo_by_id_success" time="0.018" /><testcase classname="tests.test_todo_api.TestTodoEndpoints" name="test_get_todo_by_id_not_found" time="0.012" /><testcase classname="tests.test_todo_api.TestTodoEndpoints" name="test_get_todo_by_id_invalid_id" time="0.009" /><testcase classname="tests.test_todo_api.TestTodoEndpoints" name="test_update_todo_success" time="0.024" /><testcase classname="tests.test_todo_api.TestTodoEndpoints" name="test_update_todo_partial" time="0.020" /><testcase classname="tests.test_todo_api.TestTodoEndpoints" name="test_update_todo_not_found" time="0.012" /><testcase classname="tests.test_todo_api.TestTodoEndpoints" name="test_update_todo_validation_error" time="0.016" /><testcase classname="tests.test_todo_api.TestTodoEndpoints" name="test_delete_todo_success" time="0.023" /><testcase classname="tests.test_todo_api.TestTodoEndpoints" name="test_delete_todo_not_found" time="0.011" /><testcase classname="tests.test_todo_api.TestTodoEndpoints" name="test_delete_todo_invalid_id" time="0.011" /><testcase classname="tests.test_todo_api.TestTodoEndpointsEndToEnd" name="test_complete_todo_workflow" time="0.037" /><testcase classname="tests.test_todo_api.TestTodoEndpointsEndToEnd" name="test_multiple_todos_management" time="0.046" /><testcase classname="tests.test_todo_api.TestErrorHandling" name="test_invalid_json_request" time="0.009" /><testcase classname="tests.test_todo_api.TestErrorHandling" name="test_missing_required_fields" time="0.011" /><testcase classname="tests.test_todo_api.TestErrorHandling" name="test_invalid_content_type" time="0.011" /><testcase classname="tests.test_todo_api.TestErrorHandling" name="test_method_not_allowed" time="0.008" /><testcase classname="tests.test_todo_api.TestResponseFormat" name="test_todo_response_format" time="0.013" /><testcase classname="tests.test_todo_api.TestResponseFormat" name="test_error_response_format" time="0.012" /><testcase classname="tests.test_todo_api.TestResponseFormat" name="test_validation_error_response_format" time="0.013" /><testcase classname="tests.test_todo_repository.TestTodoRepository" name="test_create_todo" time="0.010" /><testcase classname="tests.test_todo_repository.TestTodoRepository" name="test_create_todo_with_minimal_data" time="0.007" /><testcase classname="tests.test_todo_repository.TestTodoRepository" name="test_get_by_id_existing" time="0.008" /><testcase classname="tests.test_todo_repository.TestTodoRepository" name="test_get_by_id_non_existing" time="0.005" /><testcase classname="tests.test_todo_repository.TestTodoRepository" name="test_get_all_empty" time="0.005" /><testcase classname="tests.test_todo_repository.TestTodoRepository" name="test_get_all_with_data" time="0.015" /><testcase classname="tests.test_todo_repository.TestTodoRepository" name="test_get_all_with_pagination" time="0.012" /><testcase classname="tests.test_todo_repository.TestTodoRepository" name="test_update_existing_todo" time="0.010" /><testcase classname="tests.test_todo_repository.TestTodoRepository" name="test_update_partial_data" time="0.009" /><testcase classname="tests.test_todo_repository.TestTodoRepository" name="test_update_non_existing_todo" time="0.006" /><testcase classname="tests.test_todo_repository.TestTodoRepository" name="test_delete_existing_todo" time="0.008" /><testcase classname="tests.test_todo_repository.TestTodoRepository" name="test_delete_non_existing_todo" time="0.005" /><testcase classname="tests.test_todo_repository.TestTodoRepository" name="test_get_by_completion_status_completed" time="0.011" /><testcase classname="tests.test_todo_repository.TestTodoRepository" name="test_get_by_completion_status_incomplete" time="0.011" /><testcase classname="tests.test_todo_repository.TestTodoRepository" name="test_count_all_empty" time="0.011" /><testcase classname="tests.test_todo_repository.TestTodoRepository" name="test_count_all_with_data" time="0.012" /><testcase classname="tests.test_todo_repository.TestTodoRepository" name="test_count_by_completion_status" time="0.016" /><testcase classname="tests.test_todo_repository.TestTodoRepository" name="test_create_todo_with_long_title" time="0.006" /><testcase classname="tests.test_todo_repository.TestTodoRepository" name="test_create_todo_with_long_description" time="0.008" /><testcase classname="tests.test_todo_repository.TestTodoRepositoryErrorHandling" name="test_repository_handles_database_errors_gracefully" time="0.004" /><testcase classname="tests.test_todo_repository.TestTodoRepositoryErrorHandling" name="test_repository_rollback_on_error" time="0.007" /><testcase classname="tests.test_todo_service.TestCreateTodo" name="test_create_todo_success" time="0.005" /><testcase classname="tests.test_todo_service.TestCreateTodo" name="test_create_todo_empty_title" time="0.004" /><testcase classname="tests.test_todo_service.TestCreateTodo" name="test_create_todo_whitespace_only_title" time="0.004" /><testcase classname="tests.test_todo_service.TestCreateTodo" name="test_create_todo_title_too_long" time="0.003" /><testcase classname="tests.test_todo_service.TestCreateTodo" name="test_create_todo_description_too_long" time="0.003" /><testcase classname="tests.test_todo_service.TestCreateTodo" name="test_create_todo_service_level_validation" time="0.005" /><testcase classname="tests.test_todo_service.TestCreateTodo" name="test_create_todo_database_error" time="0.005" /><testcase classname="tests.test_todo_service.TestGetTodoById" name="test_get_todo_by_id_success" time="0.004" /><testcase classname="tests.test_todo_service.TestGetTodoById" name="test_get_todo_by_id_not_found" time="0.005" /><testcase classname="tests.test_todo_service.TestGetTodoById" name="test_get_todo_by_id_invalid_id" time="0.003" /><testcase classname="tests.test_todo_service.TestGetTodoById" name="test_get_todo_by_id_database_error" time="0.004" /><testcase classname="tests.test_todo_service.TestGetAllTodos" name="test_get_all_todos_success" time="0.004" /><testcase classname="tests.test_todo_service.TestGetAllTodos" name="test_get_all_todos_with_pagination" time="0.003" /><testcase classname="tests.test_todo_service.TestGetAllTodos" name="test_get_all_todos_invalid_skip" time="0.004" /><testcase classname="tests.test_todo_service.TestGetAllTodos" name="test_get_all_todos_invalid_limit" time="0.004" /><testcase classname="tests.test_todo_service.TestGetAllTodos" name="test_get_all_todos_limit_too_large" time="0.003" /><testcase classname="tests.test_todo_service.TestUpdateTodo" name="test_update_todo_success" time="0.005" /><testcase classname="tests.test_todo_service.TestUpdateTodo" name="test_update_todo_not_found" time="0.004" /><testcase classname="tests.test_todo_service.TestUpdateTodo" name="test_update_todo_empty_update" time="0.003" /><testcase classname="tests.test_todo_service.TestUpdateTodo" name="test_update_todo_invalid_title" time="0.003" /><testcase classname="tests.test_todo_service.TestDeleteTodo" name="test_delete_todo_success" time="0.005" /><testcase classname="tests.test_todo_service.TestDeleteTodo" name="test_delete_todo_not_found" time="0.004" /><testcase classname="tests.test_todo_service.TestGetTodosByStatus" name="test_get_todos_by_status_completed" time="0.004" /><testcase classname="tests.test_todo_service.TestGetTodosByStatus" name="test_get_todos_by_status_pending" time="0.004" /><testcase classname="tests.test_todo_service.TestGetTodoStatistics" name="test_get_todo_statistics_success" time="0.004" /><testcase classname="tests.test_todo_service.TestGetTodoStatistics" name="test_get_todo_statistics_empty" time="0.004" /><testcase classname="tests.test_todo_service.TestValidationMethods" name="test_validate_todo_id_valid" time="0.003" /><testcase classname="tests.test_todo_service.TestValidationMethods" name="test_validate_todo_id_invalid" time="0.003" /><testcase classname="tests.test_todo_service.TestValidationMethods" name="test_validate_pagination_params_valid" time="0.003" /><testcase classname="tests.test_todo_service.TestValidationMethods" name="test_validate_pagination_params_invalid" time="0.008" /></testsuite></testsuites>